[2026-04-02T12:15:29.4790493Z] Workstation operation failed | Control password is required.
   at RunBook.Workstation.Services.ControlSessionService.SignIn(String baseUrl, String email, String password) in D:\RunBook.Workstation\src\RunBook.Workstation\Services\ControlSessionService.cs:line 48
   at RunBook.Workstation.ViewModels.MainViewModel.<ConnectControlAsync>b__161_0() in D:\RunBook.Workstation\src\RunBook.Workstation\ViewModels\MainViewModel.cs:line 372
   at RunBook.Workstation.ViewModels.MainViewModel.RunBusyAsync(Func`1 action) in D:\RunBook.Workstation\src\RunBook.Workstation\ViewModels\MainViewModel.cs:line 539
[2026-04-02T12:34:08.1247622Z] Workstation operation failed | The calling thread cannot access this object because a different thread owns it.
   at System.Windows.Threading.Dispatcher.<VerifyAccess>g__ThrowVerifyAccess|7_0()
   at System.Windows.DependencyObject.GetValue(DependencyProperty dp)
   at System.Windows.Input.CanExecuteChangedEventManager.HandlerSink.OnCanExecuteChanged(Object sender, EventArgs e)
   at RunBook.Workstation.ViewModels.RelayCommand.RaiseCanExecuteChanged() in D:\RunBook.Workstation\src\RunBook.Workstation\ViewModels\RelayCommand.cs:line 20
   at RunBook.Workstation.ViewModels.MainViewModel.RaiseCommandStates() in D:\RunBook.Workstation\src\RunBook.Workstation\ViewModels\MainViewModel.cs:line 594
   at RunBook.Workstation.ViewModels.MainViewModel.set_CurrentSession(WorkstationSessionSnapshot value) in D:\RunBook.Workstation\src\RunBook.Workstation\ViewModels\MainViewModel.cs:line 125
   at RunBook.Workstation.ViewModels.MainViewModel.<>c__DisplayClass154_0.<<LoginAsync>b__0>d.MoveNext() in D:\RunBook.Workstation\src\RunBook.Workstation\ViewModels\MainViewModel.cs:line 271
--- End of stack trace from previous location ---
   at RunBook.Workstation.ViewModels.MainViewModel.RunBusyAsync(Func`1 action) in D:\RunBook.Workstation\src\RunBook.Workstation\ViewModels\MainViewModel.cs:line 546
[2026-04-02T12:38:33.4617570Z] Workstation operation failed | The calling thread cannot access this object because a different thread owns it.
   at System.Windows.Threading.Dispatcher.<VerifyAccess>g__ThrowVerifyAccess|7_0()
   at System.Windows.DependencyObject.GetValue(DependencyProperty dp)
   at System.Windows.Input.CanExecuteChangedEventManager.HandlerSink.OnCanExecuteChanged(Object sender, EventArgs e)
   at RunBook.Workstation.ViewModels.RelayCommand.RaiseCanExecuteChanged() in D:\RunBook.Workstation\src\RunBook.Workstation\ViewModels\RelayCommand.cs:line 20
   at RunBook.Workstation.ViewModels.MainViewModel.RaiseCommandStates() in D:\RunBook.Workstation\src\RunBook.Workstation\ViewModels\MainViewModel.cs:line 594
   at RunBook.Workstation.ViewModels.MainViewModel.set_CurrentSession(WorkstationSessionSnapshot value) in D:\RunBook.Workstation\src\RunBook.Workstation\ViewModels\MainViewModel.cs:line 125
   at RunBook.Workstation.ViewModels.MainViewModel.<>c__DisplayClass154_0.<<LoginAsync>b__0>d.MoveNext() in D:\RunBook.Workstation\src\RunBook.Workstation\ViewModels\MainViewModel.cs:line 271
--- End of stack trace from previous location ---
   at RunBook.Workstation.ViewModels.MainViewModel.RunBusyAsync(Func`1 action) in D:\RunBook.Workstation\src\RunBook.Workstation\ViewModels\MainViewModel.cs:line 546
[2026-04-02T12:45:02.2526404Z] Workstation operation failed | Passcode not recognized.
   at RunBook.Workstation.Services.RunBookWorkstationApiClient.EnsureSuccess(HttpResponseMessage response, String apiError, String fallbackMessage) in D:\RunBook.Workstation\src\RunBook.Workstation\Services\RunBookWorkstationApiClient.cs:line 118
   at RunBook.Workstation.Services.RunBookWorkstationApiClient.LoginAsync(WorkstationSettings settings, String passcode, CancellationToken cancellationToken) in D:\RunBook.Workstation\src\RunBook.Workstation\Services\RunBookWorkstationApiClient.cs:line 63
   at RunBook.Workstation.ViewModels.MainViewModel.<>c__DisplayClass179_0.<<LoginAsync>b__0>d.MoveNext() in D:\RunBook.Workstation\src\RunBook.Workstation\ViewModels\MainViewModel.cs:line 289
--- End of stack trace from previous location ---
   at RunBook.Workstation.ViewModels.MainViewModel.RunBusyAsync(Func`1 action) in D:\RunBook.Workstation\src\RunBook.Workstation\ViewModels\MainViewModel.cs:line 680
[2026-04-02T14:07:52.0221409Z] Workstation operation failed | column employees.workstation_access_enabled does not exist
   at RunBook.Workstation.Services.RunBookWorkstationApiClient.EnsureSuccess(HttpResponseMessage response, String apiError, String fallbackMessage) in D:\RunBook.Workstation\src\RunBook.Workstation\Services\RunBookWorkstationApiClient.cs:line 118
   at RunBook.Workstation.Services.RunBookWorkstationApiClient.GetTimeClockAsync(String baseUrl, String sessionToken, CancellationToken cancellationToken) in D:\RunBook.Workstation\src\RunBook.Workstation\Services\RunBookWorkstationApiClient.cs:line 73
   at RunBook.Workstation.ViewModels.MainViewModel.<RefreshTimeClockAsync>b__184_0() in D:\RunBook.Workstation\src\RunBook.Workstation\ViewModels\MainViewModel.cs:line 381
   at RunBook.Workstation.ViewModels.MainViewModel.RunBusyAsync(Func`1 action) in D:\RunBook.Workstation\src\RunBook.Workstation\ViewModels\MainViewModel.cs:line 706
[2026-04-02T14:51:51.0803423Z] Workstation operation failed | column employees.workstation_access_enabled does not exist
   at RunBook.Workstation.Services.RunBookWorkstationApiClient.EnsureSuccess(HttpResponseMessage response, String apiError, String fallbackMessage) in D:\RunBook.Workstation\src\RunBook.Workstation\Services\RunBookWorkstationApiClient.cs:line 118
   at RunBook.Workstation.Services.RunBookWorkstationApiClient.GetTimeClockAsync(String baseUrl, String sessionToken, CancellationToken cancellationToken) in D:\RunBook.Workstation\src\RunBook.Workstation\Services\RunBookWorkstationApiClient.cs:line 73
   at RunBook.Workstation.ViewModels.MainViewModel.<RefreshTimeClockAsync>b__184_0() in D:\RunBook.Workstation\src\RunBook.Workstation\ViewModels\MainViewModel.cs:line 381
   at RunBook.Workstation.ViewModels.MainViewModel.RunBusyAsync(Func`1 action) in D:\RunBook.Workstation\src\RunBook.Workstation\ViewModels\MainViewModel.cs:line 706
[2026-04-02T14:51:56.4464822Z] Workstation operation failed | column employees.workstation_access_enabled does not exist
   at RunBook.Workstation.Services.RunBookWorkstationApiClient.EnsureSuccess(HttpResponseMessage response, String apiError, String fallbackMessage) in D:\RunBook.Workstation\src\RunBook.Workstation\Services\RunBookWorkstationApiClient.cs:line 118
   at RunBook.Workstation.Services.RunBookWorkstationApiClient.GetTimeClockAsync(String baseUrl, String sessionToken, CancellationToken cancellationToken) in D:\RunBook.Workstation\src\RunBook.Workstation\Services\RunBookWorkstationApiClient.cs:line 73
   at RunBook.Workstation.ViewModels.MainViewModel.<RefreshTimeClockAsync>b__184_0() in D:\RunBook.Workstation\src\RunBook.Workstation\ViewModels\MainViewModel.cs:line 381
   at RunBook.Workstation.ViewModels.MainViewModel.RunBusyAsync(Func`1 action) in D:\RunBook.Workstation\src\RunBook.Workstation\ViewModels\MainViewModel.cs:line 706
[2026-04-02T14:52:05.8994674Z] Workstation operation failed | column employees.workstation_access_enabled does not exist
   at RunBook.Workstation.Services.RunBookWorkstationApiClient.EnsureSuccess(HttpResponseMessage response, String apiError, String fallbackMessage) in D:\RunBook.Workstation\src\RunBook.Workstation\Services\RunBookWorkstationApiClient.cs:line 118
   at RunBook.Workstation.Services.RunBookWorkstationApiClient.GetTimeClockAsync(String baseUrl, String sessionToken, CancellationToken cancellationToken) in D:\RunBook.Workstation\src\RunBook.Workstation\Services\RunBookWorkstationApiClient.cs:line 73
   at RunBook.Workstation.ViewModels.MainViewModel.<RefreshTimeClockAsync>b__184_0() in D:\RunBook.Workstation\src\RunBook.Workstation\ViewModels\MainViewModel.cs:line 381
   at RunBook.Workstation.ViewModels.MainViewModel.RunBusyAsync(Func`1 action) in D:\RunBook.Workstation\src\RunBook.Workstation\ViewModels\MainViewModel.cs:line 706
[2026-04-02T15:18:27.4443774Z] Workstation operation failed | Passcode not recognized.
   at RunBook.Workstation.Services.RunBookWorkstationApiClient.EnsureSuccess(HttpResponseMessage response, String apiError, String fallbackMessage) in D:\RunBook.Workstation\src\RunBook.Workstation\Services\RunBookWorkstationApiClient.cs:line 130
   at RunBook.Workstation.Services.RunBookWorkstationApiClient.LoginAsync(WorkstationSettings settings, String passcode, CancellationToken cancellationToken) in D:\RunBook.Workstation\src\RunBook.Workstation\Services\RunBookWorkstationApiClient.cs:line 63
   at RunBook.Workstation.ViewModels.MainViewModel.<>c__DisplayClass182_0.<<LoginAsync>b__0>d.MoveNext() in D:\RunBook.Workstation\src\RunBook.Workstation\ViewModels\MainViewModel.cs:line 318
--- End of stack trace from previous location ---
   at RunBook.Workstation.ViewModels.MainViewModel.RunBusyAsync(Func`1 action) in D:\RunBook.Workstation\src\RunBook.Workstation\ViewModels\MainViewModel.cs:line 784
[2026-04-02T15:58:56.9271072Z] Workstation operation failed | Passcode not recognized.
   at RunBook.Workstation.Services.RunBookWorkstationApiClient.EnsureSuccess(HttpResponseMessage response, String apiError, String fallbackMessage) in D:\RunBook.Workstation\src\RunBook.Workstation\Services\RunBookWorkstationApiClient.cs:line 130
   at RunBook.Workstation.Services.RunBookWorkstationApiClient.LoginAsync(WorkstationSettings settings, String passcode, CancellationToken cancellationToken) in D:\RunBook.Workstation\src\RunBook.Workstation\Services\RunBookWorkstationApiClient.cs:line 63
   at RunBook.Workstation.ViewModels.MainViewModel.<>c__DisplayClass182_0.<<LoginAsync>b__0>d.MoveNext() in D:\RunBook.Workstation\src\RunBook.Workstation\ViewModels\MainViewModel.cs:line 318
--- End of stack trace from previous location ---
   at RunBook.Workstation.ViewModels.MainViewModel.RunBusyAsync(Func`1 action) in D:\RunBook.Workstation\src\RunBook.Workstation\ViewModels\MainViewModel.cs:line 784
[2026-04-02T19:19:06.5330387Z] Workstation operation failed | Access denied
   at RunBook.Workstation.Services.RunBookWorkstationApiClient.EnsureSuccess(HttpResponseMessage response, String apiError, String fallbackMessage) in D:\RunBook.Workstation\src\RunBook.Workstation\Services\RunBookWorkstationApiClient.cs:line 130
   at RunBook.Workstation.Services.RunBookWorkstationApiClient.RegisterAsync(WorkstationSettings settings, CancellationToken cancellationToken) in D:\RunBook.Workstation\src\RunBook.Workstation\Services\RunBookWorkstationApiClient.cs:line 39
   at RunBook.Workstation.ViewModels.MainViewModel.EnsureRegistrationAsync() in D:\RunBook.Workstation\src\RunBook.Workstation\ViewModels\MainViewModel.cs:line 487
   at RunBook.Workstation.ViewModels.MainViewModel.<RefreshRegistrationAsync>b__183_0() in D:\RunBook.Workstation\src\RunBook.Workstation\ViewModels\MainViewModel.cs:line 371
   at RunBook.Workstation.ViewModels.MainViewModel.RunBusyAsync(Func`1 action) in D:\RunBook.Workstation\src\RunBook.Workstation\ViewModels\MainViewModel.cs:line 784
[2026-04-02T19:19:09.8368311Z] Workstation operation failed | Access denied
   at RunBook.Workstation.Services.RunBookWorkstationApiClient.EnsureSuccess(HttpResponseMessage response, String apiError, String fallbackMessage) in D:\RunBook.Workstation\src\RunBook.Workstation\Services\RunBookWorkstationApiClient.cs:line 130
   at RunBook.Workstation.Services.RunBookWorkstationApiClient.RegisterAsync(WorkstationSettings settings, CancellationToken cancellationToken) in D:\RunBook.Workstation\src\RunBook.Workstation\Services\RunBookWorkstationApiClient.cs:line 39
   at RunBook.Workstation.ViewModels.MainViewModel.EnsureRegistrationAsync() in D:\RunBook.Workstation\src\RunBook.Workstation\ViewModels\MainViewModel.cs:line 487
   at RunBook.Workstation.ViewModels.MainViewModel.<RefreshRegistrationAsync>b__183_0() in D:\RunBook.Workstation\src\RunBook.Workstation\ViewModels\MainViewModel.cs:line 371
   at RunBook.Workstation.ViewModels.MainViewModel.RunBusyAsync(Func`1 action) in D:\RunBook.Workstation\src\RunBook.Workstation\ViewModels\MainViewModel.cs:line 784
[2026-04-02T20:32:53.1409687Z] Workstation operation failed | Access denied
   at RunBook.Workstation.Services.RunBookWorkstationApiClient.EnsureSuccess(HttpResponseMessage response, String apiError, String fallbackMessage) in D:\RunBook.Workstation\src\RunBook.Workstation\Services\RunBookWorkstationApiClient.cs:line 130
   at RunBook.Workstation.Services.RunBookWorkstationApiClient.RegisterAsync(WorkstationSettings settings, CancellationToken cancellationToken) in D:\RunBook.Workstation\src\RunBook.Workstation\Services\RunBookWorkstationApiClient.cs:line 39
   at RunBook.Workstation.ViewModels.MainViewModel.EnsureRegistrationAsync() in D:\RunBook.Workstation\src\RunBook.Workstation\ViewModels\MainViewModel.cs:line 487
   at RunBook.Workstation.ViewModels.MainViewModel.<RefreshRegistrationAsync>b__183_0() in D:\RunBook.Workstation\src\RunBook.Workstation\ViewModels\MainViewModel.cs:line 371
   at RunBook.Workstation.ViewModels.MainViewModel.RunBusyAsync(Func`1 action) in D:\RunBook.Workstation\src\RunBook.Workstation\ViewModels\MainViewModel.cs:line 784
[2026-04-02T20:32:53.6734625Z] Workstation operation failed | Access denied
   at RunBook.Workstation.Services.RunBookWorkstationApiClient.EnsureSuccess(HttpResponseMessage response, String apiError, String fallbackMessage) in D:\RunBook.Workstation\src\RunBook.Workstation\Services\RunBookWorkstationApiClient.cs:line 130
   at RunBook.Workstation.Services.RunBookWorkstationApiClient.RegisterAsync(WorkstationSettings settings, CancellationToken cancellationToken) in D:\RunBook.Workstation\src\RunBook.Workstation\Services\RunBookWorkstationApiClient.cs:line 39
   at RunBook.Workstation.ViewModels.MainViewModel.EnsureRegistrationAsync() in D:\RunBook.Workstation\src\RunBook.Workstation\ViewModels\MainViewModel.cs:line 487
   at RunBook.Workstation.ViewModels.MainViewModel.<RefreshRegistrationAsync>b__183_0() in D:\RunBook.Workstation\src\RunBook.Workstation\ViewModels\MainViewModel.cs:line 371
   at RunBook.Workstation.ViewModels.MainViewModel.RunBusyAsync(Func`1 action) in D:\RunBook.Workstation\src\RunBook.Workstation\ViewModels\MainViewModel.cs:line 784
[2026-04-02T20:32:55.4562085Z] Workstation operation failed | Access denied
   at RunBook.Workstation.Services.RunBookWorkstationApiClient.EnsureSuccess(HttpResponseMessage response, String apiError, String fallbackMessage) in D:\RunBook.Workstation\src\RunBook.Workstation\Services\RunBookWorkstationApiClient.cs:line 130
   at RunBook.Workstation.Services.RunBookWorkstationApiClient.RegisterAsync(WorkstationSettings settings, CancellationToken cancellationToken) in D:\RunBook.Workstation\src\RunBook.Workstation\Services\RunBookWorkstationApiClient.cs:line 39
   at RunBook.Workstation.ViewModels.MainViewModel.EnsureRegistrationAsync() in D:\RunBook.Workstation\src\RunBook.Workstation\ViewModels\MainViewModel.cs:line 487
   at RunBook.Workstation.ViewModels.MainViewModel.<RefreshRegistrationAsync>b__183_0() in D:\RunBook.Workstation\src\RunBook.Workstation\ViewModels\MainViewModel.cs:line 371
   at RunBook.Workstation.ViewModels.MainViewModel.RunBusyAsync(Func`1 action) in D:\RunBook.Workstation\src\RunBook.Workstation\ViewModels\MainViewModel.cs:line 784
[2026-04-02T20:32:56.0057309Z] Workstation operation failed | Access denied
   at RunBook.Workstation.Services.RunBookWorkstationApiClient.EnsureSuccess(HttpResponseMessage response, String apiError, String fallbackMessage) in D:\RunBook.Workstation\src\RunBook.Workstation\Services\RunBookWorkstationApiClient.cs:line 130
   at RunBook.Workstation.Services.RunBookWorkstationApiClient.RegisterAsync(WorkstationSettings settings, CancellationToken cancellationToken) in D:\RunBook.Workstation\src\RunBook.Workstation\Services\RunBookWorkstationApiClient.cs:line 39
   at RunBook.Workstation.ViewModels.MainViewModel.EnsureRegistrationAsync() in D:\RunBook.Workstation\src\RunBook.Workstation\ViewModels\MainViewModel.cs:line 487
   at RunBook.Workstation.ViewModels.MainViewModel.<RefreshRegistrationAsync>b__183_0() in D:\RunBook.Workstation\src\RunBook.Workstation\ViewModels\MainViewModel.cs:line 371
   at RunBook.Workstation.ViewModels.MainViewModel.RunBusyAsync(Func`1 action) in D:\RunBook.Workstation\src\RunBook.Workstation\ViewModels\MainViewModel.cs:line 784
[2026-04-02T20:32:56.6155465Z] Workstation operation failed | Access denied
   at RunBook.Workstation.Services.RunBookWorkstationApiClient.EnsureSuccess(HttpResponseMessage response, String apiError, String fallbackMessage) in D:\RunBook.Workstation\src\RunBook.Workstation\Services\RunBookWorkstationApiClient.cs:line 130
   at RunBook.Workstation.Services.RunBookWorkstationApiClient.RegisterAsync(WorkstationSettings settings, CancellationToken cancellationToken) in D:\RunBook.Workstation\src\RunBook.Workstation\Services\RunBookWorkstationApiClient.cs:line 39
   at RunBook.Workstation.ViewModels.MainViewModel.EnsureRegistrationAsync() in D:\RunBook.Workstation\src\RunBook.Workstation\ViewModels\MainViewModel.cs:line 487
   at RunBook.Workstation.ViewModels.MainViewModel.<RefreshRegistrationAsync>b__183_0() in D:\RunBook.Workstation\src\RunBook.Workstation\ViewModels\MainViewModel.cs:line 371
   at RunBook.Workstation.ViewModels.MainViewModel.RunBusyAsync(Func`1 action) in D:\RunBook.Workstation\src\RunBook.Workstation\ViewModels\MainViewModel.cs:line 784
[2026-04-02T20:33:02.7672281Z] Workstation operation failed | Control password is required.
   at RunBook.Workstation.Services.ControlSessionService.SignIn(String baseUrl, String email, String password) in D:\RunBook.Workstation\src\RunBook.Workstation\Services\ControlSessionService.cs:line 48
   at RunBook.Workstation.ViewModels.MainViewModel.<ConnectControlAsync>b__189_0() in D:\RunBook.Workstation\src\RunBook.Workstation\ViewModels\MainViewModel.cs:line 463
   at RunBook.Workstation.ViewModels.MainViewModel.RunBusyAsync(Func`1 action) in D:\RunBook.Workstation\src\RunBook.Workstation\ViewModels\MainViewModel.cs:line 784
[2026-04-02T21:11:56.7516571Z] Workstation operation failed | Passcode not recognized.
   at RunBook.Workstation.Services.RunBookWorkstationApiClient.EnsureSuccess(HttpResponseMessage response, String apiError, String fallbackMessage) in D:\RunBook.Workstation\src\RunBook.Workstation\Services\RunBookWorkstationApiClient.cs:line 141
   at RunBook.Workstation.Services.RunBookWorkstationApiClient.LoginAsync(WorkstationSettings settings, String passcode, CancellationToken cancellationToken) in D:\RunBook.Workstation\src\RunBook.Workstation\Services\RunBookWorkstationApiClient.cs:line 63
   at RunBook.Workstation.ViewModels.MainViewModel.<>c__DisplayClass182_0.<<LoginAsync>b__0>d.MoveNext() in D:\RunBook.Workstation\src\RunBook.Workstation\ViewModels\MainViewModel.cs:line 318
--- End of stack trace from previous location ---
   at RunBook.Workstation.ViewModels.MainViewModel.RunBusyAsync(Func`1 action) in D:\RunBook.Workstation\src\RunBook.Workstation\ViewModels\MainViewModel.cs:line 823
